// Jest Snapshot v1, https://goo.gl/fbAQLP

exports[`smallLineChart renders correctly 1`] = `
Array [
  <div
    className="sc-hKMtZM Wtjam"
  />,
  <div
    className="sc-jSMfEi eUtByO"
    color="#1f2422"
  >
    <div
      className="sc-gKXOVf bBKeoX"
    >
      <div
        className="sc-eCYdqJ sc-papXJ kJXsff dSWLEt"
      >
        <span
          className="sc-bczRLJ YxcWK"
        >
          BTC
        </span>
        <svg
          height="1.5rem"
          viewBox="0 0 24 24"
          width="1.5rem"
          xmlns="http://www.w3.org/2000/svg"
        >
          <defs>
            <style>
              .up { fill: #ae5467;} .down { fill: #29a5e9;}
            </style>
          </defs>
          <g
            id="a"
          />
          <g
            id="b"
          >
            <polygon
              className="up"
              points="8 14 16 14 12 19 8 14"
            />
            <polygon
              className="down"
              points="16 10 8 10 12 5 16 10"
            />
          </g>
        </svg>
        <span
          className="sc-bczRLJ YxcWK"
        >
          USD
        </span>
      </div>
      <div>
        <span
          className="sc-bczRLJ bYxRpA"
        >
          No Data
        </span>
      </div>
    </div>
  </div>,
  <div
    className="sc-jSMfEi eUtByO"
    color="#1f2422"
  >
    <div
      className="sc-gKXOVf bBKeoX"
    >
      <div
        className="sc-eCYdqJ sc-papXJ kJXsff dSWLEt"
      >
        <span
          className="sc-bczRLJ YxcWK"
        >
          BTC
        </span>
        <svg
          height="1.5rem"
          viewBox="0 0 24 24"
          width="1.5rem"
          xmlns="http://www.w3.org/2000/svg"
        >
          <defs>
            <style>
              .up { fill: #ae5467;} .down { fill: #29a5e9;}
            </style>
          </defs>
          <g
            id="a"
          />
          <g
            id="b"
          >
            <polygon
              className="up"
              points="8 14 16 14 12 19 8 14"
            />
            <polygon
              className="down"
              points="16 10 8 10 12 5 16 10"
            />
          </g>
        </svg>
        <span
          className="sc-bczRLJ YxcWK"
        >
          USD
        </span>
      </div>
      <div>
        <span
          className="sc-bczRLJ bYxRpA"
        >
          No Data
        </span>
      </div>
    </div>
  </div>,
  <div
    className="sc-jSMfEi eUtByO"
    color="#1f2422"
  >
    <div
      className="sc-gKXOVf bBKeoX"
    >
      <div
        className="sc-eCYdqJ sc-papXJ kJXsff dSWLEt"
      >
        <span
          className="sc-bczRLJ YxcWK"
        >
          BTC
        </span>
        <svg
          height="1.5rem"
          viewBox="0 0 24 24"
          width="1.5rem"
          xmlns="http://www.w3.org/2000/svg"
        >
          <defs>
            <style>
              .up { fill: #ae5467;} .down { fill: #29a5e9;}
            </style>
          </defs>
          <g
            id="a"
          />
          <g
            id="b"
          >
            <polygon
              className="up"
              points="8 14 16 14 12 19 8 14"
            />
            <polygon
              className="down"
              points="16 10 8 10 12 5 16 10"
            />
          </g>
        </svg>
        <span
          className="sc-bczRLJ YxcWK"
        >
          USD
        </span>
      </div>
      <div>
        <span
          className="sc-bczRLJ bYxRpA"
        >
          No Data
        </span>
      </div>
    </div>
  </div>,
  <div
    className="sc-jSMfEi eUtByO"
    color="#1f2422"
  >
    <div
      className="sc-gKXOVf bBKeoX"
    >
      <div
        className="sc-eCYdqJ sc-papXJ kJXsff dSWLEt"
      >
        <span
          className="sc-bczRLJ YxcWK"
        >
          BTC
        </span>
        <svg
          height="1.5rem"
          viewBox="0 0 24 24"
          width="1.5rem"
          xmlns="http://www.w3.org/2000/svg"
        >
          <defs>
            <style>
              .up { fill: #ae5467;} .down { fill: #29a5e9;}
            </style>
          </defs>
          <g
            id="a"
          />
          <g
            id="b"
          >
            <polygon
              className="up"
              points="8 14 16 14 12 19 8 14"
            />
            <polygon
              className="down"
              points="16 10 8 10 12 5 16 10"
            />
          </g>
        </svg>
        <span
          className="sc-bczRLJ YxcWK"
        >
          USD
        </span>
      </div>
      <div>
        <span
          className="sc-bczRLJ bYxRpA"
        >
          No Data
        </span>
      </div>
    </div>
  </div>,
]
`;
